2025-11-14T05:13:37.4473936Z Current runner version: '2.329.0'
2025-11-14T05:13:37.4501728Z ##[group]Runner Image Provisioner
2025-11-14T05:13:37.4502632Z Hosted Compute Agent
2025-11-14T05:13:37.4503321Z Version: 20251016.436
2025-11-14T05:13:37.4504029Z Commit: 8ab8ac8bfd662a3739dab9fe09456aba92132568
2025-11-14T05:13:37.4504824Z Build Date: 2025-10-15T20:44:12Z
2025-11-14T05:13:37.4505578Z ##[endgroup]
2025-11-14T05:13:37.4506184Z ##[group]Operating System
2025-11-14T05:13:37.4506799Z Ubuntu
2025-11-14T05:13:37.4507412Z 24.04.3
2025-11-14T05:13:37.4507982Z LTS
2025-11-14T05:13:37.4508707Z ##[endgroup]
2025-11-14T05:13:37.4509293Z ##[group]Runner Image
2025-11-14T05:13:37.4509903Z Image: ubuntu-24.04
2025-11-14T05:13:37.4510619Z Version: 20251112.124.1
2025-11-14T05:13:37.4512066Z Included Software: https://github.com/actions/runner-images/blob/ubuntu24/20251112.124/images/ubuntu/Ubuntu2404-Readme.md
2025-11-14T05:13:37.4513884Z Image Release: https://github.com/actions/runner-images/releases/tag/ubuntu24%2F20251112.124
2025-11-14T05:13:37.4514963Z ##[endgroup]
2025-11-14T05:13:37.4516152Z ##[group]GITHUB_TOKEN Permissions
2025-11-14T05:13:37.4518448Z Contents: read
2025-11-14T05:13:37.4519214Z Metadata: read
2025-11-14T05:13:37.4519800Z ##[endgroup]
2025-11-14T05:13:37.4523426Z Secret source: Actions
2025-11-14T05:13:37.4524548Z Prepare workflow directory
2025-11-14T05:13:37.4864197Z Prepare all required actions
2025-11-14T05:13:37.4904290Z Getting action download info
2025-11-14T05:13:37.8317932Z Download action repository 'actions/checkout@v3' (SHA:f43a0e5ff2bd294095638e18286ca9a3d1956744)
2025-11-14T05:13:37.9157372Z Download action repository 'actions/github-script@v6' (SHA:d7906e4ad0b1822421a7e6a35d5ca353c962f410)
2025-11-14T05:13:38.1377750Z Download action repository 'actions/setup-node@v3' (SHA:3235b876344d2a9aa001b8d1453c930bba69e610)
2025-11-14T05:13:38.2721983Z Download action repository 'Azure/static-web-apps-deploy@v1' (SHA:4d27395796ac319302594769cfe812bd207490b1)
2025-11-14T05:13:38.5522937Z Complete job name: Build and Deploy Job
2025-11-14T05:13:38.6060856Z ##[group]Build container for action use: '/home/runner/work/_actions/Azure/static-web-apps-deploy/v1/Dockerfile'.
2025-11-14T05:13:38.6118268Z ##[command]/usr/bin/docker build -t 9fd71c:2aa81949cefc4cc18e79c5e7dddb5dde -f "/home/runner/work/_actions/Azure/static-web-apps-deploy/v1/Dockerfile" "/home/runner/work/_actions/Azure/static-web-apps-deploy/v1"
2025-11-14T05:13:39.1493410Z #0 building with "default" instance using docker driver
2025-11-14T05:13:39.1494824Z 
2025-11-14T05:13:39.1495682Z #1 [internal] load build definition from Dockerfile
2025-11-14T05:13:39.1497514Z #1 transferring dockerfile: 160B done
2025-11-14T05:13:39.1499131Z #1 DONE 0.0s
2025-11-14T05:13:39.1499831Z 
2025-11-14T05:13:39.1500995Z #2 [internal] load metadata for mcr.microsoft.com/appsvc/staticappsclient:stable
2025-11-14T05:13:39.1800342Z #2 DONE 0.2s
2025-11-14T05:13:39.3028932Z 
2025-11-14T05:13:39.3030151Z #3 [internal] load .dockerignore
2025-11-14T05:13:39.3032721Z #3 transferring context: 2B done
2025-11-14T05:13:39.3034744Z #3 DONE 0.0s
2025-11-14T05:13:39.3036085Z 
2025-11-14T05:13:39.3037120Z #4 [internal] load build context
2025-11-14T05:13:39.3039010Z #4 transferring context: 107B done
2025-11-14T05:13:39.3041581Z #4 DONE 0.0s
2025-11-14T05:13:39.3044086Z 
2025-11-14T05:13:39.3046375Z #5 [1/2] FROM mcr.microsoft.com/appsvc/staticappsclient:stable@sha256:3178a283e885dc45a0c7b4c6e9f728f0331ae7fb93de75db4181fa38651170f2
2025-11-14T05:13:39.3054577Z #5 resolve mcr.microsoft.com/appsvc/staticappsclient:stable@sha256:3178a283e885dc45a0c7b4c6e9f728f0331ae7fb93de75db4181fa38651170f2 done
2025-11-14T05:13:39.3062061Z #5 sha256:3178a283e885dc45a0c7b4c6e9f728f0331ae7fb93de75db4181fa38651170f2 2.88kB / 2.88kB done
2025-11-14T05:13:39.3065640Z #5 sha256:2377065f3b700cf1b5e391d26c572c8b91892dd44acd75deebdab5e403b23175 7.34MB / 15.56MB 0.1s
2025-11-14T05:13:39.3070378Z #5 sha256:5d6e107a26c2ffb6e234f04132358dea70a691a64c1152f984d2f2ba0e218c58 13.63MB / 53.74MB 0.1s
2025-11-14T05:13:39.3074087Z #5 sha256:1df8e0748f30e89b0c0477edfc706fc39242e1d6008433c0494113de267e7ca8 15.34kB / 15.34kB done
2025-11-14T05:13:39.3079474Z #5 sha256:5ee26b7a209f9a26720207792b237af3e19c0efeed8695e1e630fcd0feef9230 0B / 54.75MB 0.1s
2025-11-14T05:13:39.5006823Z #5 sha256:2377065f3b700cf1b5e391d26c572c8b91892dd44acd75deebdab5e403b23175 15.56MB / 15.56MB 0.1s done
2025-11-14T05:13:39.5021688Z #5 sha256:5d6e107a26c2ffb6e234f04132358dea70a691a64c1152f984d2f2ba0e218c58 38.80MB / 53.74MB 0.2s
2025-11-14T05:13:39.5034534Z #5 sha256:5ee26b7a209f9a26720207792b237af3e19c0efeed8695e1e630fcd0feef9230 16.78MB / 54.75MB 0.2s
2025-11-14T05:13:39.5043024Z #5 sha256:41c7cd6fb37363fd1ec16dad3463ecc5820eda12c418a82b4849604252d29b88 0B / 197.07MB 0.2s
2025-11-14T05:13:39.5047753Z #5 extracting sha256:5d6e107a26c2ffb6e234f04132358dea70a691a64c1152f984d2f2ba0e218c58
2025-11-14T05:13:39.6009746Z #5 sha256:5d6e107a26c2ffb6e234f04132358dea70a691a64c1152f984d2f2ba0e218c58 53.74MB / 53.74MB 0.3s done
2025-11-14T05:13:39.6015077Z #5 sha256:5ee26b7a209f9a26720207792b237af3e19c0efeed8695e1e630fcd0feef9230 54.75MB / 54.75MB 0.4s done
2025-11-14T05:13:39.6019874Z #5 sha256:4f4fb700ef54461cfa02571ae0db9a0dc1e0cdb5577484a6d75e68dc38e8acc1 32B / 32B 0.3s done
2025-11-14T05:13:39.6024958Z #5 sha256:aede74d79976f9d1be608a1286cdb2ca61aad25185440263691db6a0880adadd 10.49MB / 24.46MB 0.4s
2025-11-14T05:13:39.6029523Z #5 sha256:c279a6399750ee20e802fb2c47da034ccee5eb4f3b89087f32618f10e8af074a 0B / 1.56MB 0.4s
2025-11-14T05:13:39.7014176Z #5 sha256:aede74d79976f9d1be608a1286cdb2ca61aad25185440263691db6a0880adadd 24.46MB / 24.46MB 0.5s done
2025-11-14T05:13:39.7019219Z #5 sha256:c279a6399750ee20e802fb2c47da034ccee5eb4f3b89087f32618f10e8af074a 1.56MB / 1.56MB 0.4s done
2025-11-14T05:13:39.7028488Z #5 sha256:351447e6e3829fac25a761f87d07dc5bfc289f38908901d05fa53aaab54dbdcd 115.52kB / 115.52kB 0.5s done
2025-11-14T05:13:39.7033682Z #5 sha256:ec0af1da0a0576de654092a28624c0565c6d854216944f18159460338af43293 9.44MB / 72.99MB 0.5s
2025-11-14T05:13:39.8280574Z #5 sha256:41c7cd6fb37363fd1ec16dad3463ecc5820eda12c418a82b4849604252d29b88 24.12MB / 197.07MB 0.6s
2025-11-14T05:13:39.8287675Z #5 sha256:ec0af1da0a0576de654092a28624c0565c6d854216944f18159460338af43293 34.16MB / 72.99MB 0.6s
2025-11-14T05:13:39.8304017Z #5 sha256:cddc70a1cccef26d55fcf9242759c41404c305acea0b4c3a30961c99846a0a55 637.94kB / 637.94kB 0.6s done
2025-11-14T05:13:39.8309748Z #5 sha256:36312d7930e0666f8cfc7940823ac101235e873b7cbb8b20d9481fd404095767 0B / 35.20MB 0.6s
2025-11-14T05:13:39.8320941Z #5 sha256:eec8099d3f58ba87e25216a07db18b5a0de40b6921ee61ea8ab9b4c29b53a12f 1.16MB / 1.16MB 0.5s done
2025-11-14T05:13:39.9288378Z #5 sha256:41c7cd6fb37363fd1ec16dad3463ecc5820eda12c418a82b4849604252d29b88 48.23MB / 197.07MB 0.7s
2025-11-14T05:13:39.9297764Z #5 sha256:ec0af1da0a0576de654092a28624c0565c6d854216944f18159460338af43293 53.48MB / 72.99MB 0.7s
2025-11-14T05:13:39.9299210Z #5 sha256:36312d7930e0666f8cfc7940823ac101235e873b7cbb8b20d9481fd404095767 12.58MB / 35.20MB 0.7s
2025-11-14T05:13:40.0487645Z #5 sha256:41c7cd6fb37363fd1ec16dad3463ecc5820eda12c418a82b4849604252d29b88 74.45MB / 197.07MB 0.8s
2025-11-14T05:13:40.0491642Z #5 sha256:ec0af1da0a0576de654092a28624c0565c6d854216944f18159460338af43293 72.99MB / 72.99MB 0.8s
2025-11-14T05:13:40.0495641Z #5 sha256:36312d7930e0666f8cfc7940823ac101235e873b7cbb8b20d9481fd404095767 29.36MB / 35.20MB 0.8s
2025-11-14T05:13:40.1504438Z #5 sha256:41c7cd6fb37363fd1ec16dad3463ecc5820eda12c418a82b4849604252d29b88 98.57MB / 197.07MB 0.9s
2025-11-14T05:13:40.1512458Z #5 sha256:ec0af1da0a0576de654092a28624c0565c6d854216944f18159460338af43293 72.99MB / 72.99MB 0.8s done
2025-11-14T05:13:40.1513997Z #5 sha256:36312d7930e0666f8cfc7940823ac101235e873b7cbb8b20d9481fd404095767 35.20MB / 35.20MB 0.8s done
2025-11-14T05:13:40.1517002Z #5 sha256:4a1fde1690fe113870084a3224c66554fc9cbd2310abb9593b0244ec21f4b76d 168B / 168B 0.8s done
2025-11-14T05:13:40.1518411Z #5 sha256:4836a863d60df9ca0cedad0eb5e729c4a7f755449fbfbd6d4ea6443e64c990e0 2.10MB / 118.65MB 0.9s
2025-11-14T05:13:40.1519880Z #5 sha256:8023cb51985fccd3faa4be6340cdc75b72240277850569aa974767dda5176159 168B / 168B 0.9s done
2025-11-14T05:13:40.2611919Z #5 sha256:41c7cd6fb37363fd1ec16dad3463ecc5820eda12c418a82b4849604252d29b88 123.73MB / 197.07MB 1.0s
2025-11-14T05:13:40.2615244Z #5 sha256:4836a863d60df9ca0cedad0eb5e729c4a7f755449fbfbd6d4ea6443e64c990e0 27.26MB / 118.65MB 1.0s
2025-11-14T05:13:40.3647386Z #5 sha256:41c7cd6fb37363fd1ec16dad3463ecc5820eda12c418a82b4849604252d29b88 148.90MB / 197.07MB 1.1s
2025-11-14T05:13:40.3650762Z #5 sha256:4836a863d60df9ca0cedad0eb5e729c4a7f755449fbfbd6d4ea6443e64c990e0 51.38MB / 118.65MB 1.1s
2025-11-14T05:13:40.5011806Z #5 sha256:41c7cd6fb37363fd1ec16dad3463ecc5820eda12c418a82b4849604252d29b88 197.07MB / 197.07MB 1.3s
2025-11-14T05:13:40.5013227Z #5 sha256:4836a863d60df9ca0cedad0eb5e729c4a7f755449fbfbd6d4ea6443e64c990e0 76.55MB / 118.65MB 1.3s
2025-11-14T05:13:40.7010604Z #5 sha256:41c7cd6fb37363fd1ec16dad3463ecc5820eda12c418a82b4849604252d29b88 197.07MB / 197.07MB 1.5s done
2025-11-14T05:13:40.7011602Z #5 sha256:4836a863d60df9ca0cedad0eb5e729c4a7f755449fbfbd6d4ea6443e64c990e0 118.65MB / 118.65MB 1.5s
2025-11-14T05:13:41.0095125Z #5 sha256:4836a863d60df9ca0cedad0eb5e729c4a7f755449fbfbd6d4ea6443e64c990e0 118.65MB / 118.65MB 1.8s done
2025-11-14T05:13:42.1257784Z #5 extracting sha256:5d6e107a26c2ffb6e234f04132358dea70a691a64c1152f984d2f2ba0e218c58 2.6s done
2025-11-14T05:13:42.2527726Z #5 extracting sha256:2377065f3b700cf1b5e391d26c572c8b91892dd44acd75deebdab5e403b23175 0.1s
2025-11-14T05:13:42.7044170Z #5 extracting sha256:2377065f3b700cf1b5e391d26c572c8b91892dd44acd75deebdab5e403b23175 0.4s done
2025-11-14T05:13:43.5548341Z #5 extracting sha256:5ee26b7a209f9a26720207792b237af3e19c0efeed8695e1e630fcd0feef9230
2025-11-14T05:13:45.5965406Z #5 extracting sha256:5ee26b7a209f9a26720207792b237af3e19c0efeed8695e1e630fcd0feef9230 1.9s done
2025-11-14T05:13:45.6986056Z #5 extracting sha256:41c7cd6fb37363fd1ec16dad3463ecc5820eda12c418a82b4849604252d29b88
2025-11-14T05:13:50.4456326Z #5 extracting sha256:41c7cd6fb37363fd1ec16dad3463ecc5820eda12c418a82b4849604252d29b88 4.7s done
2025-11-14T05:13:51.5878208Z #5 extracting sha256:4f4fb700ef54461cfa02571ae0db9a0dc1e0cdb5577484a6d75e68dc38e8acc1
2025-11-14T05:13:51.7266820Z #5 extracting sha256:4f4fb700ef54461cfa02571ae0db9a0dc1e0cdb5577484a6d75e68dc38e8acc1 done
2025-11-14T05:13:51.7268030Z #5 extracting sha256:aede74d79976f9d1be608a1286cdb2ca61aad25185440263691db6a0880adadd 0.1s
2025-11-14T05:13:52.4859966Z #5 extracting sha256:aede74d79976f9d1be608a1286cdb2ca61aad25185440263691db6a0880adadd 0.7s done
2025-11-14T05:13:52.4861384Z #5 extracting sha256:c279a6399750ee20e802fb2c47da034ccee5eb4f3b89087f32618f10e8af074a 0.1s
2025-11-14T05:13:52.6253289Z #5 extracting sha256:c279a6399750ee20e802fb2c47da034ccee5eb4f3b89087f32618f10e8af074a 0.1s done
2025-11-14T05:13:52.6255714Z #5 extracting sha256:ec0af1da0a0576de654092a28624c0565c6d854216944f18159460338af43293 0.1s
2025-11-14T05:13:53.6005214Z #5 extracting sha256:ec0af1da0a0576de654092a28624c0565c6d854216944f18159460338af43293 0.9s done
2025-11-14T05:13:53.6324863Z #5 extracting sha256:351447e6e3829fac25a761f87d07dc5bfc289f38908901d05fa53aaab54dbdcd
2025-11-14T05:13:53.7325803Z #5 extracting sha256:351447e6e3829fac25a761f87d07dc5bfc289f38908901d05fa53aaab54dbdcd done
2025-11-14T05:13:53.7327789Z #5 extracting sha256:eec8099d3f58ba87e25216a07db18b5a0de40b6921ee61ea8ab9b4c29b53a12f 0.1s done
2025-11-14T05:13:53.7331361Z #5 extracting sha256:cddc70a1cccef26d55fcf9242759c41404c305acea0b4c3a30961c99846a0a55
2025-11-14T05:13:53.8937283Z #5 extracting sha256:cddc70a1cccef26d55fcf9242759c41404c305acea0b4c3a30961c99846a0a55 0.0s done
2025-11-14T05:13:53.8938877Z #5 extracting sha256:36312d7930e0666f8cfc7940823ac101235e873b7cbb8b20d9481fd404095767 0.1s
2025-11-14T05:13:54.2199137Z #5 extracting sha256:36312d7930e0666f8cfc7940823ac101235e873b7cbb8b20d9481fd404095767 0.4s done
2025-11-14T05:13:54.2200285Z #5 extracting sha256:4a1fde1690fe113870084a3224c66554fc9cbd2310abb9593b0244ec21f4b76d
2025-11-14T05:13:54.3716002Z #5 extracting sha256:4a1fde1690fe113870084a3224c66554fc9cbd2310abb9593b0244ec21f4b76d done
2025-11-14T05:13:54.3719647Z #5 extracting sha256:8023cb51985fccd3faa4be6340cdc75b72240277850569aa974767dda5176159 done
2025-11-14T05:13:54.3720806Z #5 extracting sha256:4836a863d60df9ca0cedad0eb5e729c4a7f755449fbfbd6d4ea6443e64c990e0 0.1s
2025-11-14T05:13:57.8156363Z #5 extracting sha256:4836a863d60df9ca0cedad0eb5e729c4a7f755449fbfbd6d4ea6443e64c990e0 3.4s done
2025-11-14T05:13:58.3188041Z #5 DONE 19.1s
2025-11-14T05:13:58.4843443Z 
2025-11-14T05:13:58.4843920Z #6 [2/2] COPY entrypoint.sh /entrypoint.sh
2025-11-14T05:13:58.4844423Z #6 DONE 0.0s
2025-11-14T05:13:58.4847163Z 
2025-11-14T05:13:58.4847760Z #7 exporting to image
2025-11-14T05:13:58.4848587Z #7 exporting layers
2025-11-14T05:13:59.5122290Z #7 exporting layers 1.2s done
2025-11-14T05:13:59.5434737Z #7 writing image sha256:3d3f436a1cffbe00aa959085fdf16b115b584255d536fcf12cc969329e06d4f2 done
2025-11-14T05:13:59.5435768Z #7 naming to docker.io/library/9fd71c:2aa81949cefc4cc18e79c5e7dddb5dde done
2025-11-14T05:13:59.5436422Z #7 DONE 1.2s
2025-11-14T05:13:59.5483603Z ##[endgroup]
2025-11-14T05:13:59.5745213Z ##[group]Run actions/checkout@v3
2025-11-14T05:13:59.5745777Z with:
2025-11-14T05:13:59.5745982Z   submodules: true
2025-11-14T05:13:59.5746184Z   lfs: false
2025-11-14T05:13:59.5746416Z   repository: sarahimireles/budget-manager-v4
2025-11-14T05:13:59.5746867Z   token: ***
2025-11-14T05:13:59.5747066Z   ssh-strict: true
2025-11-14T05:13:59.5747284Z   persist-credentials: true
2025-11-14T05:13:59.5747515Z   clean: true
2025-11-14T05:13:59.5747721Z   sparse-checkout-cone-mode: true
2025-11-14T05:13:59.5747967Z   fetch-depth: 1
2025-11-14T05:13:59.5748164Z   fetch-tags: false
2025-11-14T05:13:59.5748375Z   set-safe-directory: true
2025-11-14T05:13:59.5810576Z ##[endgroup]
2025-11-14T05:13:59.6723113Z Syncing repository: sarahimireles/budget-manager-v4
2025-11-14T05:13:59.6725092Z ##[group]Getting Git version info
2025-11-14T05:13:59.6725887Z Working directory is '/home/runner/work/budget-manager-v4/budget-manager-v4'
2025-11-14T05:13:59.6727047Z [command]/usr/bin/git version
2025-11-14T05:13:59.6727573Z git version 2.51.2
2025-11-14T05:13:59.6754052Z ##[endgroup]
2025-11-14T05:13:59.6768833Z Temporarily overriding HOME='/home/runner/work/_temp/0b80ea22-ef62-4ca5-9a70-6451ea167ae2' before making global git config changes
2025-11-14T05:13:59.6770214Z Adding repository directory to the temporary git global config as a safe directory
2025-11-14T05:13:59.6773825Z [command]/usr/bin/git config --global --add safe.directory /home/runner/work/budget-manager-v4/budget-manager-v4
2025-11-14T05:13:59.6806019Z Deleting the contents of '/home/runner/work/budget-manager-v4/budget-manager-v4'
2025-11-14T05:13:59.6809509Z ##[group]Initializing the repository
2025-11-14T05:13:59.6813478Z [command]/usr/bin/git init /home/runner/work/budget-manager-v4/budget-manager-v4
2025-11-14T05:13:59.6892923Z hint: Using 'master' as the name for the initial branch. This default branch name
2025-11-14T05:13:59.6893873Z hint: is subject to change. To configure the initial branch name to use in all
2025-11-14T05:13:59.6894814Z hint: of your new repositories, which will suppress this warning, call:
2025-11-14T05:13:59.6895492Z hint:
2025-11-14T05:13:59.6895798Z hint: 	git config --global init.defaultBranch <name>
2025-11-14T05:13:59.6896112Z hint:
2025-11-14T05:13:59.6896439Z hint: Names commonly chosen instead of 'master' are 'main', 'trunk' and
2025-11-14T05:13:59.6897298Z hint: 'development'. The just-created branch can be renamed via this command:
2025-11-14T05:13:59.6898004Z hint:
2025-11-14T05:13:59.6898403Z hint: 	git branch -m <name>
2025-11-14T05:13:59.6898855Z hint:
2025-11-14T05:13:59.6899516Z hint: Disable this message with "git config set advice.defaultBranchName false"
2025-11-14T05:13:59.6900644Z Initialized empty Git repository in /home/runner/work/budget-manager-v4/budget-manager-v4/.git/
2025-11-14T05:13:59.6906535Z [command]/usr/bin/git remote add origin https://github.com/sarahimireles/budget-manager-v4
2025-11-14T05:13:59.6936680Z ##[endgroup]
2025-11-14T05:13:59.6937645Z ##[group]Disabling automatic garbage collection
2025-11-14T05:13:59.6940422Z [command]/usr/bin/git config --local gc.auto 0
2025-11-14T05:13:59.6966143Z ##[endgroup]
2025-11-14T05:13:59.6966789Z ##[group]Setting up auth
2025-11-14T05:13:59.6972293Z [command]/usr/bin/git config --local --name-only --get-regexp core\.sshCommand
2025-11-14T05:13:59.6999146Z [command]/usr/bin/git submodule foreach --recursive sh -c "git config --local --name-only --get-regexp 'core\.sshCommand' && git config --local --unset-all 'core.sshCommand' || :"
2025-11-14T05:13:59.7282135Z [command]/usr/bin/git config --local --name-only --get-regexp http\.https\:\/\/github\.com\/\.extraheader
2025-11-14T05:13:59.7309555Z [command]/usr/bin/git submodule foreach --recursive sh -c "git config --local --name-only --get-regexp 'http\.https\:\/\/github\.com\/\.extraheader' && git config --local --unset-all 'http.https://github.com/.extraheader' || :"
2025-11-14T05:13:59.7528344Z [command]/usr/bin/git config --local http.https://github.com/.extraheader AUTHORIZATION: basic ***
2025-11-14T05:13:59.7560234Z ##[endgroup]
2025-11-14T05:13:59.7561412Z ##[group]Fetching the repository
2025-11-14T05:13:59.7568992Z [command]/usr/bin/git -c protocol.version=2 fetch --no-tags --prune --progress --no-recurse-submodules --depth=1 origin +d5462f6b1005a45350f2fc2dffe1d87e31716d07:refs/remotes/pull/70/merge
2025-11-14T05:13:59.8968568Z remote: Enumerating objects: 126, done.        
2025-11-14T05:13:59.8969860Z remote: Counting objects:   0% (1/126)        
2025-11-14T05:13:59.8970663Z remote: Counting objects:   1% (2/126)        
2025-11-14T05:13:59.8972201Z remote: Counting objects:   2% (3/126)        
2025-11-14T05:13:59.8973213Z remote: Counting objects:   3% (4/126)        
2025-11-14T05:13:59.8974006Z remote: Counting objects:   4% (6/126)        
2025-11-14T05:13:59.8974703Z remote: Counting objects:   5% (7/126)        
2025-11-14T05:13:59.8975370Z remote: Counting objects:   6% (8/126)        
2025-11-14T05:13:59.8976058Z remote: Counting objects:   7% (9/126)        
2025-11-14T05:13:59.8976767Z remote: Counting objects:   8% (11/126)        
2025-11-14T05:13:59.8977338Z remote: Counting objects:   9% (12/126)        
2025-11-14T05:13:59.8977878Z remote: Counting objects:  10% (13/126)        
2025-11-14T05:13:59.8978429Z remote: Counting objects:  11% (14/126)        
2025-11-14T05:13:59.8978965Z remote: Counting objects:  12% (16/126)        
2025-11-14T05:13:59.8979501Z remote: Counting objects:  13% (17/126)        
2025-11-14T05:13:59.8980043Z remote: Counting objects:  14% (18/126)        
2025-11-14T05:13:59.8980394Z remote: Counting objects:  15% (19/126)        
2025-11-14T05:13:59.8980742Z remote: Counting objects:  16% (21/126)        
2025-11-14T05:13:59.8981354Z remote: Counting objects:  17% (22/126)        
2025-11-14T05:13:59.8981709Z remote: Counting objects:  18% (23/126)        
2025-11-14T05:13:59.8982062Z remote: Counting objects:  19% (24/126)        
2025-11-14T05:13:59.8982404Z remote: Counting objects:  20% (26/126)        
2025-11-14T05:13:59.8982760Z remote: Counting objects:  21% (27/126)        
2025-11-14T05:13:59.8983109Z remote: Counting objects:  22% (28/126)        
2025-11-14T05:13:59.8983454Z remote: Counting objects:  23% (29/126)        
2025-11-14T05:13:59.8983803Z remote: Counting objects:  24% (31/126)        
2025-11-14T05:13:59.8984148Z remote: Counting objects:  25% (32/126)        
2025-11-14T05:13:59.8984497Z remote: Counting objects:  26% (33/126)        
2025-11-14T05:13:59.8984848Z remote: Counting objects:  27% (35/126)        
2025-11-14T05:13:59.8985272Z remote: Counting objects:  28% (36/126)        
2025-11-14T05:13:59.8985636Z remote: Counting objects:  29% (37/126)        
2025-11-14T05:13:59.8985996Z remote: Counting objects:  30% (38/126)        
2025-11-14T05:13:59.8986346Z remote: Counting objects:  31% (40/126)        
2025-11-14T05:13:59.8986703Z remote: Counting objects:  32% (41/126)        
2025-11-14T05:13:59.8987058Z remote: Counting objects:  33% (42/126)        
2025-11-14T05:13:59.8987616Z remote: Counting objects:  34% (43/126)        
2025-11-14T05:13:59.8987945Z remote: Counting objects:  35% (45/126)        
2025-11-14T05:13:59.8988274Z remote: Counting objects:  36% (46/126)        
2025-11-14T05:13:59.8988598Z remote: Counting objects:  37% (47/126)        
2025-11-14T05:13:59.8988911Z remote: Counting objects:  38% (48/126)        
2025-11-14T05:13:59.8989219Z remote: Counting objects:  39% (50/126)        
2025-11-14T05:13:59.8989531Z remote: Counting objects:  40% (51/126)        
2025-11-14T05:13:59.8989849Z remote: Counting objects:  41% (52/126)        
2025-11-14T05:13:59.8990163Z remote: Counting objects:  42% (53/126)        
2025-11-14T05:13:59.8990474Z remote: Counting objects:  43% (55/126)        
2025-11-14T05:13:59.8990799Z remote: Counting objects:  44% (56/126)        
2025-11-14T05:13:59.8991287Z remote: Counting objects:  45% (57/126)        
2025-11-14T05:13:59.8991609Z remote: Counting objects:  46% (58/126)        
2025-11-14T05:13:59.8991940Z remote: Counting objects:  47% (60/126)        
2025-11-14T05:13:59.8992397Z remote: Counting objects:  48% (61/126)        
2025-11-14T05:13:59.8992719Z remote: Counting objects:  49% (62/126)        
2025-11-14T05:13:59.8993029Z remote: Counting objects:  50% (63/126)        
2025-11-14T05:13:59.8993340Z remote: Counting objects:  51% (65/126)        
2025-11-14T05:13:59.8993647Z remote: Counting objects:  52% (66/126)        
2025-11-14T05:13:59.8993957Z remote: Counting objects:  53% (67/126)        
2025-11-14T05:13:59.8994264Z remote: Counting objects:  54% (69/126)        
2025-11-14T05:13:59.8994570Z remote: Counting objects:  55% (70/126)        
2025-11-14T05:13:59.8994874Z remote: Counting objects:  56% (71/126)        
2025-11-14T05:13:59.8995187Z remote: Counting objects:  57% (72/126)        
2025-11-14T05:13:59.8995497Z remote: Counting objects:  58% (74/126)        
2025-11-14T05:13:59.8995808Z remote: Counting objects:  59% (75/126)        
2025-11-14T05:13:59.8996119Z remote: Counting objects:  60% (76/126)        
2025-11-14T05:13:59.8996441Z remote: Counting objects:  61% (77/126)        
2025-11-14T05:13:59.8996760Z remote: Counting objects:  62% (79/126)        
2025-11-14T05:13:59.8997064Z remote: Counting objects:  63% (80/126)        
2025-11-14T05:13:59.8997392Z remote: Counting objects:  64% (81/126)        
2025-11-14T05:13:59.8997712Z remote: Counting objects:  65% (82/126)        
2025-11-14T05:13:59.8998018Z remote: Counting objects:  66% (84/126)        
2025-11-14T05:13:59.8998328Z remote: Counting objects:  67% (85/126)        
2025-11-14T05:13:59.8998639Z remote: Counting objects:  68% (86/126)        
2025-11-14T05:13:59.8998947Z remote: Counting objects:  69% (87/126)        
2025-11-14T05:13:59.8999252Z remote: Counting objects:  70% (89/126)        
2025-11-14T05:13:59.8999562Z remote: Counting objects:  71% (90/126)        
2025-11-14T05:13:59.8999872Z remote: Counting objects:  72% (91/126)        
2025-11-14T05:13:59.9000211Z remote: Counting objects:  73% (92/126)        
2025-11-14T05:13:59.9000535Z remote: Counting objects:  74% (94/126)        
2025-11-14T05:13:59.9000855Z remote: Counting objects:  75% (95/126)        
2025-11-14T05:13:59.9001333Z remote: Counting objects:  76% (96/126)        
2025-11-14T05:13:59.9001645Z remote: Counting objects:  77% (98/126)        
2025-11-14T05:13:59.9001954Z remote: Counting objects:  78% (99/126)        
2025-11-14T05:13:59.9002276Z remote: Counting objects:  79% (100/126)        
2025-11-14T05:13:59.9002608Z remote: Counting objects:  80% (101/126)        
2025-11-14T05:13:59.9002925Z remote: Counting objects:  81% (103/126)        
2025-11-14T05:13:59.9003262Z remote: Counting objects:  82% (104/126)        
2025-11-14T05:13:59.9003573Z remote: Counting objects:  83% (105/126)        
2025-11-14T05:13:59.9003894Z remote: Counting objects:  84% (106/126)        
2025-11-14T05:13:59.9004208Z remote: Counting objects:  85% (108/126)        
2025-11-14T05:13:59.9004515Z remote: Counting objects:  86% (109/126)        
2025-11-14T05:13:59.9004958Z remote: Counting objects:  87% (110/126)        
2025-11-14T05:13:59.9005265Z remote: Counting objects:  88% (111/126)        
2025-11-14T05:13:59.9005574Z remote: Counting objects:  89% (113/126)        
2025-11-14T05:13:59.9005884Z remote: Counting objects:  90% (114/126)        
2025-11-14T05:13:59.9006191Z remote: Counting objects:  91% (115/126)        
2025-11-14T05:13:59.9006499Z remote: Counting objects:  92% (116/126)        
2025-11-14T05:13:59.9006816Z remote: Counting objects:  93% (118/126)        
2025-11-14T05:13:59.9007125Z remote: Counting objects:  94% (119/126)        
2025-11-14T05:13:59.9007434Z remote: Counting objects:  95% (120/126)        
2025-11-14T05:13:59.9007738Z remote: Counting objects:  96% (121/126)        
2025-11-14T05:13:59.9008042Z remote: Counting objects:  97% (123/126)        
2025-11-14T05:13:59.9008351Z remote: Counting objects:  98% (124/126)        
2025-11-14T05:13:59.9008657Z remote: Counting objects:  99% (125/126)        
2025-11-14T05:13:59.9008971Z remote: Counting objects: 100% (126/126)        
2025-11-14T05:13:59.9009422Z remote: Counting objects: 100% (126/126), done.        
2025-11-14T05:13:59.9009778Z remote: Compressing objects:   0% (1/112)        
2025-11-14T05:13:59.9010106Z remote: Compressing objects:   1% (2/112)        
2025-11-14T05:13:59.9010427Z remote: Compressing objects:   2% (3/112)        
2025-11-14T05:13:59.9010744Z remote: Compressing objects:   3% (4/112)        
2025-11-14T05:13:59.9011221Z remote: Compressing objects:   4% (5/112)        
2025-11-14T05:13:59.9011539Z remote: Compressing objects:   5% (6/112)        
2025-11-14T05:13:59.9011851Z remote: Compressing objects:   6% (7/112)        
2025-11-14T05:13:59.9012162Z remote: Compressing objects:   7% (8/112)        
2025-11-14T05:13:59.9012477Z remote: Compressing objects:   8% (9/112)        
2025-11-14T05:13:59.9012801Z remote: Compressing objects:   9% (11/112)        
2025-11-14T05:13:59.9013128Z remote: Compressing objects:  10% (12/112)        
2025-11-14T05:13:59.9013457Z remote: Compressing objects:  11% (13/112)        
2025-11-14T05:13:59.9013776Z remote: Compressing objects:  12% (14/112)        
2025-11-14T05:13:59.9019523Z remote: Compressing objects:  13% (15/112)        
2025-11-14T05:13:59.9020127Z remote: Compressing objects:  14% (16/112)        
2025-11-14T05:13:59.9020741Z remote: Compressing objects:  15% (17/112)        
2025-11-14T05:13:59.9021471Z remote: Compressing objects:  16% (18/112)        
2025-11-14T05:13:59.9022028Z remote: Compressing objects:  17% (20/112)        
2025-11-14T05:13:59.9022601Z remote: Compressing objects:  18% (21/112)        
2025-11-14T05:13:59.9023150Z remote: Compressing objects:  19% (22/112)        
2025-11-14T05:13:59.9023698Z remote: Compressing objects:  20% (23/112)        
2025-11-14T05:13:59.9024249Z remote: Compressing objects:  21% (24/112)        
2025-11-14T05:13:59.9024591Z remote: Compressing objects:  22% (25/112)        
2025-11-14T05:13:59.9024935Z remote: Compressing objects:  23% (26/112)        
2025-11-14T05:13:59.9025278Z remote: Compressing objects:  24% (27/112)        
2025-11-14T05:13:59.9025614Z remote: Compressing objects:  25% (28/112)        
2025-11-14T05:13:59.9025942Z remote: Compressing objects:  26% (30/112)        
2025-11-14T05:13:59.9026262Z remote: Compressing objects:  27% (31/112)        
2025-11-14T05:13:59.9026594Z remote: Compressing objects:  28% (32/112)        
2025-11-14T05:13:59.9026931Z remote: Compressing objects:  29% (33/112)        
2025-11-14T05:13:59.9027263Z remote: Compressing objects:  30% (34/112)        
2025-11-14T05:13:59.9027587Z remote: Compressing objects:  31% (35/112)        
2025-11-14T05:13:59.9027905Z remote: Compressing objects:  32% (36/112)        
2025-11-14T05:13:59.9028223Z remote: Compressing objects:  33% (37/112)        
2025-11-14T05:13:59.9028569Z remote: Compressing objects:  34% (39/112)        
2025-11-14T05:13:59.9028904Z remote: Compressing objects:  35% (40/112)        
2025-11-14T05:13:59.9029241Z remote: Compressing objects:  36% (41/112)        
2025-11-14T05:13:59.9029775Z remote: Compressing objects:  37% (42/112)        
2025-11-14T05:13:59.9030106Z remote: Compressing objects:  38% (43/112)        
2025-11-14T05:13:59.9030423Z remote: Compressing objects:  39% (44/112)        
2025-11-14T05:13:59.9030739Z remote: Compressing objects:  40% (45/112)        
2025-11-14T05:13:59.9031260Z remote: Compressing objects:  41% (46/112)        
2025-11-14T05:13:59.9031611Z remote: Compressing objects:  42% (48/112)        
2025-11-14T05:13:59.9031945Z remote: Compressing objects:  43% (49/112)        
2025-11-14T05:13:59.9032280Z remote: Compressing objects:  44% (50/112)        
2025-11-14T05:13:59.9032606Z remote: Compressing objects:  45% (51/112)        
2025-11-14T05:13:59.9032924Z remote: Compressing objects:  46% (52/112)        
2025-11-14T05:13:59.9033241Z remote: Compressing objects:  47% (53/112)        
2025-11-14T05:13:59.9033556Z remote: Compressing objects:  48% (54/112)        
2025-11-14T05:13:59.9033883Z remote: Compressing objects:  49% (55/112)        
2025-11-14T05:13:59.9034321Z remote: Compressing objects:  50% (56/112)        
2025-11-14T05:13:59.9034648Z remote: Compressing objects:  51% (58/112)        
2025-11-14T05:13:59.9034967Z remote: Compressing objects:  52% (59/112)        
2025-11-14T05:13:59.9035290Z remote: Compressing objects:  53% (60/112)        
2025-11-14T05:13:59.9035612Z remote: Compressing objects:  54% (61/112)        
2025-11-14T05:13:59.9035933Z remote: Compressing objects:  55% (62/112)        
2025-11-14T05:13:59.9036253Z remote: Compressing objects:  56% (63/112)        
2025-11-14T05:13:59.9036573Z remote: Compressing objects:  57% (64/112)        
2025-11-14T05:13:59.9036895Z remote: Compressing objects:  58% (65/112)        
2025-11-14T05:13:59.9037226Z remote: Compressing objects:  59% (67/112)        
2025-11-14T05:13:59.9037551Z remote: Compressing objects:  60% (68/112)        
2025-11-14T05:13:59.9037874Z remote: Compressing objects:  61% (69/112)        
2025-11-14T05:13:59.9038199Z remote: Compressing objects:  62% (70/112)        
2025-11-14T05:13:59.9038528Z remote: Compressing objects:  63% (71/112)        
2025-11-14T05:13:59.9038850Z remote: Compressing objects:  64% (72/112)        
2025-11-14T05:13:59.9039176Z remote: Compressing objects:  65% (73/112)        
2025-11-14T05:13:59.9039496Z remote: Compressing objects:  66% (74/112)        
2025-11-14T05:13:59.9043117Z remote: Compressing objects:  67% (76/112)        
2025-11-14T05:13:59.9044865Z remote: Compressing objects:  68% (77/112)        
2025-11-14T05:13:59.9045449Z remote: Compressing objects:  69% (78/112)        
2025-11-14T05:13:59.9046016Z remote: Compressing objects:  70% (79/112)        
2025-11-14T05:13:59.9046575Z remote: Compressing objects:  71% (80/112)        
2025-11-14T05:13:59.9047150Z remote: Compressing objects:  72% (81/112)        
2025-11-14T05:13:59.9047704Z remote: Compressing objects:  73% (82/112)        
2025-11-14T05:13:59.9048215Z remote: Compressing objects:  74% (83/112)        
2025-11-14T05:13:59.9048928Z remote: Compressing objects:  75% (84/112)        
2025-11-14T05:13:59.9061758Z remote: Compressing objects:  76% (86/112)        
2025-11-14T05:13:59.9062482Z remote: Compressing objects:  77% (87/112)        
2025-11-14T05:13:59.9063070Z remote: Compressing objects:  78% (88/112)        
2025-11-14T05:13:59.9063640Z remote: Compressing objects:  79% (89/112)        
2025-11-14T05:13:59.9064200Z remote: Compressing objects:  80% (90/112)        
2025-11-14T05:13:59.9064749Z remote: Compressing objects:  81% (91/112)        
2025-11-14T05:13:59.9065292Z remote: Compressing objects:  82% (92/112)        
2025-11-14T05:13:59.9066367Z remote: Compressing objects:  83% (93/112)        
2025-11-14T05:13:59.9066946Z remote: Compressing objects:  84% (95/112)        
2025-11-14T05:13:59.9067503Z remote: Compressing objects:  85% (96/112)        
2025-11-14T05:13:59.9068027Z remote: Compressing objects:  86% (97/112)        
2025-11-14T05:13:59.9068553Z remote: Compressing objects:  87% (98/112)        
2025-11-14T05:13:59.9069345Z remote: Compressing objects:  88% (99/112)        
2025-11-14T05:13:59.9069834Z remote: Compressing objects:  89% (100/112)        
2025-11-14T05:13:59.9070201Z remote: Compressing objects:  90% (101/112)        
2025-11-14T05:13:59.9070555Z remote: Compressing objects:  91% (102/112)        
2025-11-14T05:13:59.9070892Z remote: Compressing objects:  92% (104/112)        
2025-11-14T05:13:59.9071876Z remote: Compressing objects:  93% (105/112)        
2025-11-14T05:13:59.9072274Z remote: Compressing objects:  94% (106/112)        
2025-11-14T05:13:59.9072758Z remote: Compressing objects:  95% (107/112)        
2025-11-14T05:13:59.9073153Z remote: Compressing objects:  96% (108/112)        
2025-11-14T05:13:59.9073490Z remote: Compressing objects:  97% (109/112)        
2025-11-14T05:13:59.9073813Z remote: Compressing objects:  98% (110/112)        
2025-11-14T05:13:59.9074284Z remote: Compressing objects:  99% (111/112)        
2025-11-14T05:13:59.9074612Z remote: Compressing objects: 100% (112/112)        
2025-11-14T05:13:59.9075156Z remote: Compressing objects: 100% (112/112), done.        
2025-11-14T05:13:59.9092351Z Receiving objects:   0% (1/126)
2025-11-14T05:13:59.9092825Z Receiving objects:   1% (2/126)
2025-11-14T05:13:59.9093246Z Receiving objects:   2% (3/126)
2025-11-14T05:13:59.9093664Z Receiving objects:   3% (4/126)
2025-11-14T05:13:59.9094090Z Receiving objects:   4% (6/126)
2025-11-14T05:13:59.9094507Z Receiving objects:   5% (7/126)
2025-11-14T05:13:59.9094911Z Receiving objects:   6% (8/126)
2025-11-14T05:13:59.9095325Z Receiving objects:   7% (9/126)
2025-11-14T05:13:59.9095738Z Receiving objects:   8% (11/126)
2025-11-14T05:13:59.9096163Z Receiving objects:   9% (12/126)
2025-11-14T05:13:59.9096583Z Receiving objects:  10% (13/126)
2025-11-14T05:13:59.9097006Z Receiving objects:  11% (14/126)
2025-11-14T05:13:59.9099381Z Receiving objects:  12% (16/126)
2025-11-14T05:13:59.9099893Z Receiving objects:  13% (17/126)
2025-11-14T05:13:59.9100182Z Receiving objects:  14% (18/126)
2025-11-14T05:13:59.9103604Z Receiving objects:  15% (19/126)
2025-11-14T05:13:59.9163383Z Receiving objects:  16% (21/126)
2025-11-14T05:13:59.9163871Z Receiving objects:  17% (22/126)
2025-11-14T05:13:59.9164318Z Receiving objects:  18% (23/126)
2025-11-14T05:13:59.9227846Z Receiving objects:  19% (24/126)
2025-11-14T05:13:59.9228820Z remote: Total 126 (delta 4), reused 78 (delta 0), pack-reused 0 (from 0)        
2025-11-14T05:13:59.9232564Z Receiving objects:  20% (26/126)
2025-11-14T05:13:59.9233342Z Receiving objects:  21% (27/126)
2025-11-14T05:13:59.9234051Z Receiving objects:  22% (28/126)
2025-11-14T05:13:59.9234507Z Receiving objects:  23% (29/126)
2025-11-14T05:13:59.9234927Z Receiving objects:  24% (31/126)
2025-11-14T05:13:59.9235335Z Receiving objects:  25% (32/126)
2025-11-14T05:13:59.9243056Z Receiving objects:  26% (33/126)
2025-11-14T05:13:59.9243558Z Receiving objects:  27% (35/126)
2025-11-14T05:13:59.9244010Z Receiving objects:  28% (36/126)
2025-11-14T05:13:59.9244460Z Receiving objects:  29% (37/126)
2025-11-14T05:13:59.9244912Z Receiving objects:  30% (38/126)
2025-11-14T05:13:59.9245347Z Receiving objects:  31% (40/126)
2025-11-14T05:13:59.9245783Z Receiving objects:  32% (41/126)
2025-11-14T05:13:59.9246221Z Receiving objects:  33% (42/126)
2025-11-14T05:13:59.9246649Z Receiving objects:  34% (43/126)
2025-11-14T05:13:59.9247081Z Receiving objects:  35% (45/126)
2025-11-14T05:13:59.9247518Z Receiving objects:  36% (46/126)
2025-11-14T05:13:59.9247954Z Receiving objects:  37% (47/126)
2025-11-14T05:13:59.9248375Z Receiving objects:  38% (48/126)
2025-11-14T05:13:59.9248804Z Receiving objects:  39% (50/126)
2025-11-14T05:13:59.9249237Z Receiving objects:  40% (51/126)
2025-11-14T05:13:59.9249673Z Receiving objects:  41% (52/126)
2025-11-14T05:13:59.9250107Z Receiving objects:  42% (53/126)
2025-11-14T05:13:59.9250552Z Receiving objects:  43% (55/126)
2025-11-14T05:13:59.9251280Z Receiving objects:  44% (56/126)
2025-11-14T05:13:59.9251758Z Receiving objects:  45% (57/126)
2025-11-14T05:13:59.9252456Z Receiving objects:  46% (58/126)
2025-11-14T05:13:59.9252910Z Receiving objects:  47% (60/126)
2025-11-14T05:13:59.9253351Z Receiving objects:  48% (61/126)
2025-11-14T05:13:59.9253794Z Receiving objects:  49% (62/126)
2025-11-14T05:13:59.9254239Z Receiving objects:  50% (63/126)
2025-11-14T05:13:59.9254692Z Receiving objects:  51% (65/126)
2025-11-14T05:13:59.9255119Z Receiving objects:  52% (66/126)
2025-11-14T05:13:59.9255559Z Receiving objects:  53% (67/126)
2025-11-14T05:13:59.9256022Z Receiving objects:  54% (69/126)
2025-11-14T05:13:59.9256466Z Receiving objects:  55% (70/126)
2025-11-14T05:13:59.9256913Z Receiving objects:  56% (71/126)
2025-11-14T05:13:59.9257364Z Receiving objects:  57% (72/126)
2025-11-14T05:13:59.9257808Z Receiving objects:  58% (74/126)
2025-11-14T05:13:59.9258256Z Receiving objects:  59% (75/126)
2025-11-14T05:13:59.9258700Z Receiving objects:  60% (76/126)
2025-11-14T05:13:59.9259146Z Receiving objects:  61% (77/126)
2025-11-14T05:13:59.9259597Z Receiving objects:  62% (79/126)
2025-11-14T05:13:59.9260196Z Receiving objects:  63% (80/126)
2025-11-14T05:13:59.9260662Z Receiving objects:  64% (81/126)
2025-11-14T05:13:59.9261280Z Receiving objects:  65% (82/126)
2025-11-14T05:13:59.9261754Z Receiving objects:  66% (84/126)
2025-11-14T05:13:59.9262200Z Receiving objects:  67% (85/126)
2025-11-14T05:13:59.9262661Z Receiving objects:  68% (86/126)
2025-11-14T05:13:59.9263117Z Receiving objects:  69% (87/126)
2025-11-14T05:13:59.9263571Z Receiving objects:  70% (89/126)
2025-11-14T05:13:59.9264007Z Receiving objects:  71% (90/126)
2025-11-14T05:13:59.9264460Z Receiving objects:  72% (91/126)
2025-11-14T05:13:59.9264907Z Receiving objects:  73% (92/126)
2025-11-14T05:13:59.9265352Z Receiving objects:  74% (94/126)
2025-11-14T05:13:59.9265789Z Receiving objects:  75% (95/126)
2025-11-14T05:13:59.9266247Z Receiving objects:  76% (96/126)
2025-11-14T05:13:59.9266672Z Receiving objects:  77% (98/126)
2025-11-14T05:13:59.9267024Z Receiving objects:  78% (99/126)
2025-11-14T05:13:59.9267304Z Receiving objects:  79% (100/126)
2025-11-14T05:13:59.9267565Z Receiving objects:  80% (101/126)
2025-11-14T05:13:59.9267825Z Receiving objects:  81% (103/126)
2025-11-14T05:13:59.9268083Z Receiving objects:  82% (104/126)
2025-11-14T05:13:59.9268335Z Receiving objects:  83% (105/126)
2025-11-14T05:13:59.9268584Z Receiving objects:  84% (106/126)
2025-11-14T05:13:59.9268830Z Receiving objects:  85% (108/126)
2025-11-14T05:13:59.9269213Z Receiving objects:  86% (109/126)
2025-11-14T05:13:59.9269536Z Receiving objects:  87% (110/126)
2025-11-14T05:13:59.9269786Z Receiving objects:  88% (111/126)
2025-11-14T05:13:59.9270034Z Receiving objects:  89% (113/126)
2025-11-14T05:13:59.9270290Z Receiving objects:  90% (114/126)
2025-11-14T05:13:59.9270615Z Receiving objects:  91% (115/126)
2025-11-14T05:13:59.9270867Z Receiving objects:  92% (116/126)
2025-11-14T05:13:59.9271352Z Receiving objects:  93% (118/126)
2025-11-14T05:13:59.9271606Z Receiving objects:  94% (119/126)
2025-11-14T05:13:59.9271857Z Receiving objects:  95% (120/126)
2025-11-14T05:13:59.9272106Z Receiving objects:  96% (121/126)
2025-11-14T05:13:59.9272352Z Receiving objects:  97% (123/126)
2025-11-14T05:13:59.9272611Z Receiving objects:  98% (124/126)
2025-11-14T05:13:59.9272865Z Receiving objects:  99% (125/126)
2025-11-14T05:13:59.9273110Z Receiving objects: 100% (126/126)
2025-11-14T05:13:59.9273457Z Receiving objects: 100% (126/126), 197.44 KiB | 11.61 MiB/s, done.
2025-11-14T05:13:59.9273830Z Resolving deltas:   0% (0/4)
2025-11-14T05:13:59.9274084Z Resolving deltas:  25% (1/4)
2025-11-14T05:13:59.9274323Z Resolving deltas:  50% (2/4)
2025-11-14T05:13:59.9274558Z Resolving deltas:  75% (3/4)
2025-11-14T05:13:59.9274935Z Resolving deltas: 100% (4/4)
2025-11-14T05:13:59.9275235Z Resolving deltas: 100% (4/4), done.
2025-11-14T05:13:59.9327543Z From https://github.com/sarahimireles/budget-manager-v4
2025-11-14T05:13:59.9328361Z  * [new ref]         d5462f6b1005a45350f2fc2dffe1d87e31716d07 -> pull/70/merge
2025-11-14T05:13:59.9359038Z ##[endgroup]
2025-11-14T05:13:59.9359667Z ##[group]Determining the checkout info
2025-11-14T05:13:59.9361619Z ##[endgroup]
2025-11-14T05:13:59.9362230Z ##[group]Checking out the ref
2025-11-14T05:13:59.9365972Z [command]/usr/bin/git checkout --progress --force refs/remotes/pull/70/merge
2025-11-14T05:13:59.9457576Z Note: switching to 'refs/remotes/pull/70/merge'.
2025-11-14T05:13:59.9458003Z 
2025-11-14T05:13:59.9458372Z You are in 'detached HEAD' state. You can look around, make experimental
2025-11-14T05:13:59.9459235Z changes and commit them, and you can discard any commits you make in this
2025-11-14T05:13:59.9460067Z state without impacting any branches by switching back to a branch.
2025-11-14T05:13:59.9460543Z 
2025-11-14T05:13:59.9460872Z If you want to create a new branch to retain commits you create, you may
2025-11-14T05:13:59.9461857Z do so (now or later) by using -c with the switch command. Example:
2025-11-14T05:13:59.9462274Z 
2025-11-14T05:13:59.9462473Z   git switch -c <new-branch-name>
2025-11-14T05:13:59.9462780Z 
2025-11-14T05:13:59.9463160Z Or undo this operation with:
2025-11-14T05:13:59.9463350Z 
2025-11-14T05:13:59.9463439Z   git switch -
2025-11-14T05:13:59.9463568Z 
2025-11-14T05:13:59.9463792Z Turn off this advice by setting config variable advice.detachedHead to false
2025-11-14T05:13:59.9464105Z 
2025-11-14T05:13:59.9464472Z HEAD is now at d5462f6 Merge 9abd47f7460790ba848fa9ce43d343f81097622e into 87571039da86f9da4b93fadc3379329e268b73a6
2025-11-14T05:13:59.9466561Z ##[endgroup]
2025-11-14T05:13:59.9467091Z ##[group]Setting up auth for fetching submodules
2025-11-14T05:13:59.9471376Z [command]/usr/bin/git config --global http.https://github.com/.extraheader AUTHORIZATION: basic ***
2025-11-14T05:13:59.9504301Z [command]/usr/bin/git config --global --unset-all url.https://github.com/.insteadOf
2025-11-14T05:13:59.9529606Z [command]/usr/bin/git config --global --add url.https://github.com/.insteadOf git@github.com:
2025-11-14T05:13:59.9555222Z [command]/usr/bin/git config --global --add url.https://github.com/.insteadOf org-12767841@github.com:
2025-11-14T05:13:59.9577708Z ##[endgroup]
2025-11-14T05:13:59.9578187Z ##[group]Fetching submodules
2025-11-14T05:13:59.9580759Z [command]/usr/bin/git submodule sync
2025-11-14T05:13:59.9812434Z [command]/usr/bin/git -c protocol.version=2 submodule update --init --force --depth=1
2025-11-14T05:14:00.0058046Z [command]/usr/bin/git submodule foreach git config --local gc.auto 0
2025-11-14T05:14:00.0299268Z ##[endgroup]
2025-11-14T05:14:00.0300064Z ##[group]Persisting credentials for submodules
2025-11-14T05:14:00.0305457Z [command]/usr/bin/git submodule foreach --recursive sh -c "git config --local --name-only --get-regexp 'url\.https\:\/\/github\.com\/\.insteadOf' && git config --local --unset-all 'url.https://github.com/.insteadOf' || :"
2025-11-14T05:14:00.0548781Z [command]/usr/bin/git submodule foreach sh -c "git config --local 'http.https://github.com/.extraheader' 'AUTHORIZATION: basic ***' && git config --local --show-origin --name-only --get-regexp remote.origin.url"
2025-11-14T05:14:00.0769143Z [command]/usr/bin/git submodule foreach git config --local --add 'url.https://github.com/.insteadOf' 'git@github.com:'
2025-11-14T05:14:00.0986484Z [command]/usr/bin/git submodule foreach git config --local --add 'url.https://github.com/.insteadOf' 'org-12767841@github.com:'
2025-11-14T05:14:00.1197270Z ##[endgroup]
2025-11-14T05:14:00.1232489Z [command]/usr/bin/git log -1 --format='%H'
2025-11-14T05:14:00.1252712Z 'd5462f6b1005a45350f2fc2dffe1d87e31716d07'
2025-11-14T05:14:00.1410547Z ##[group]Run npm install @actions/core@1.6.0 @actions/http-client
2025-11-14T05:14:00.1411271Z [36;1mnpm install @actions/core@1.6.0 @actions/http-client[0m
2025-11-14T05:14:00.1448438Z shell: /usr/bin/bash -e {0}
2025-11-14T05:14:00.1448694Z ##[endgroup]
2025-11-14T05:14:16.1844056Z 
2025-11-14T05:14:16.1844626Z added 928 packages, and audited 929 packages in 16s
2025-11-14T05:14:16.1845130Z 
2025-11-14T05:14:16.1845247Z 230 packages are looking for funding
2025-11-14T05:14:16.1845880Z   run `npm fund` for details
2025-11-14T05:14:16.2084147Z 
2025-11-14T05:14:16.2084711Z 12 vulnerabilities (5 low, 5 moderate, 2 high)
2025-11-14T05:14:16.2085039Z 
2025-11-14T05:14:16.2085228Z To address issues that do not require attention, run:
2025-11-14T05:14:16.2085603Z   npm audit fix
2025-11-14T05:14:16.2085763Z 
2025-11-14T05:14:16.2085876Z To address all issues, run:
2025-11-14T05:14:16.2086191Z   npm audit fix --force
2025-11-14T05:14:16.2086372Z 
2025-11-14T05:14:16.2086566Z Run `npm audit` for details.
2025-11-14T05:14:16.2506356Z ##[group]Run actions/github-script@v6
2025-11-14T05:14:16.2506662Z with:
2025-11-14T05:14:16.2507011Z   script: const coredemo = require('@actions/core')
return await coredemo.getIDToken()

2025-11-14T05:14:16.2507435Z   result-encoding: string
2025-11-14T05:14:16.2507887Z   github-token: ***
2025-11-14T05:14:16.2508097Z   debug: false
2025-11-14T05:14:16.2508311Z   user-agent: actions/github-script
2025-11-14T05:14:16.2508579Z   retries: 0
2025-11-14T05:14:16.2508808Z   retry-exempt-status-codes: 400,401,403,404,422
2025-11-14T05:14:16.2509097Z ##[endgroup]
2025-11-14T05:14:16.4275607Z ##[group]Run actions/setup-node@v3
2025-11-14T05:14:16.4275893Z with:
2025-11-14T05:14:16.4276082Z   node-version: 20
2025-11-14T05:14:16.4276284Z   cache: npm
2025-11-14T05:14:16.4276486Z   always-auth: false
2025-11-14T05:14:16.4276701Z   check-latest: false
2025-11-14T05:14:16.4277035Z   token: ***
2025-11-14T05:14:16.4277242Z ##[endgroup]
2025-11-14T05:14:16.6289124Z Found in cache @ /opt/hostedtoolcache/node/20.19.5/x64
2025-11-14T05:14:16.6295603Z ##[group]Environment details
2025-11-14T05:14:16.9958006Z node: v20.19.5
2025-11-14T05:14:16.9958417Z npm: 10.8.2
2025-11-14T05:14:16.9958745Z yarn: 1.22.22
2025-11-14T05:14:16.9960923Z ##[endgroup]
2025-11-14T05:14:16.9971225Z [command]/opt/hostedtoolcache/node/20.19.5/x64/bin/npm config get cache
2025-11-14T05:14:17.1222115Z /home/runner/.npm
2025-11-14T05:14:17.2493684Z npm cache is not found
2025-11-14T05:14:17.2587869Z ##[group]Run npm ci
2025-11-14T05:14:17.2588138Z [36;1mnpm ci[0m
2025-11-14T05:14:17.2627261Z shell: /usr/bin/bash -e {0}
2025-11-14T05:14:17.2627522Z ##[endgroup]
2025-11-14T05:14:28.7212226Z 
2025-11-14T05:14:28.7219407Z > budget-manager-v4@1.0.0 prepare
2025-11-14T05:14:28.7219768Z > husky
2025-11-14T05:14:28.7219920Z 
2025-11-14T05:14:28.7955324Z 
2025-11-14T05:14:28.7956148Z added 928 packages, and audited 929 packages in 11s
2025-11-14T05:14:28.7956590Z 
2025-11-14T05:14:28.7956870Z 230 packages are looking for funding
2025-11-14T05:14:28.7957383Z   run `npm fund` for details
2025-11-14T05:14:28.8245784Z 
2025-11-14T05:14:28.8247686Z 12 vulnerabilities (5 low, 5 moderate, 2 high)
2025-11-14T05:14:28.8248332Z 
2025-11-14T05:14:28.8248624Z To address all issues, run:
2025-11-14T05:14:28.8249075Z   npm audit fix
2025-11-14T05:14:28.8249302Z 
2025-11-14T05:14:28.8249553Z Run `npm audit` for details.
2025-11-14T05:14:28.8909527Z ##[group]Run npm run build
2025-11-14T05:14:28.8909854Z [36;1mnpm run build[0m
2025-11-14T05:14:28.8941497Z shell: /usr/bin/bash -e {0}
2025-11-14T05:14:28.8941753Z env:
2025-11-14T05:14:28.8941951Z   NODE_ENV: production
2025-11-14T05:14:28.8942620Z   REACT_APP_FIREBASE_API_KEY: ***
2025-11-14T05:14:28.8943045Z   REACT_APP_FIREBASE_AUTH_DOMAIN: ***
2025-11-14T05:14:28.8943464Z   REACT_APP_FIREBASE_DATABASE_URL: ***
2025-11-14T05:14:28.8943777Z   REACT_APP_FIREBASE_PROJECT_ID: ***
2025-11-14T05:14:28.8944133Z   REACT_APP_FIREBASE_STORAGE_BUCKET: ***
2025-11-14T05:14:28.8944447Z   REACT_APP_FIREBASE_MESSAGING_SENDER_ID: ***
2025-11-14T05:14:28.8944853Z   REACT_APP_FIREBASE_APP_ID: ***
2025-11-14T05:14:28.8945103Z ##[endgroup]
2025-11-14T05:14:29.0151961Z 
2025-11-14T05:14:29.0153916Z > budget-manager-v4@1.0.0 build
2025-11-14T05:14:29.0154598Z > webpack --mode production
2025-11-14T05:14:29.0154959Z 
2025-11-14T05:14:29.5168222Z Failed to load ./.env.local.
2025-11-14T05:14:46.8977673Z assets by path [1m[32mimages/[39m[22m 537 KiB
2025-11-14T05:14:46.8978868Z   assets by path [1m[32mimages/*.woff2[39m[22m 274 KiB
2025-11-14T05:14:46.8980077Z     asset [1m[32mimages/4535474e1cf8598695ad.woff2[39m[22m 18.2 KiB [1m[32m[emitted][39m[22m [1m[32m[immutable][39m[22m [from: node_modules/@fontsource/roboto/files/roboto-latin-700-normal.woff2] (auxiliary name: main)
2025-11-14T05:14:46.8982319Z     asset [1m[32mimages/7077203b1982951ecf76.woff2[39m[22m 18.2 KiB [1m[32m[emitted][39m[22m [1m[32m[immutable][39m[22m [from: node_modules/@fontsource/roboto/files/roboto-latin-500-normal.woff2] (auxiliary name: main)
2025-11-14T05:14:46.8983979Z     asset [1m[32mimages/297d48e1b5a10c0831a9.woff2[39m[22m 18.1 KiB [1m[32m[emitted][39m[22m [1m[32m[immutable][39m[22m [from: node_modules/@fontsource/roboto/files/roboto-latin-400-normal.woff2] (auxiliary name: main)
2025-11-14T05:14:46.8984839Z     + 25 assets
2025-11-14T05:14:46.8985278Z   assets by path [1m[32mimages/*.woff[39m[22m 246 KiB
2025-11-14T05:14:46.8986426Z     asset [1m[32mimages/c4bc0593c9954d79cb3a.woff[39m[22m 17.2 KiB [1m[32m[emitted][39m[22m [1m[32m[immutable][39m[22m [from: node_modules/@fontsource/roboto/files/roboto-latin-300-normal.woff] (auxiliary name: main)
2025-11-14T05:14:46.8988074Z     asset [1m[32mimages/9f6a16a7770c87b2042b.woff[39m[22m 17 KiB [1m[32m[emitted][39m[22m [1m[32m[immutable][39m[22m [from: node_modules/@fontsource/roboto/files/roboto-latin-700-normal.woff] (auxiliary name: main)
2025-11-14T05:14:46.8989676Z     asset [1m[32mimages/68d40d6d01c6f85d24ba.woff[39m[22m 16.9 KiB [1m[32m[emitted][39m[22m [1m[32m[immutable][39m[22m [from: node_modules/@fontsource/roboto/files/roboto-latin-500-normal.woff] (auxiliary name: main)
2025-11-14T05:14:46.8990540Z     + 25 assets
2025-11-14T05:14:46.8991550Z   asset [1m[32mimages/460b76b492f5de12c3b3.png[39m[22m 17.4 KiB [1m[32m[emitted][39m[22m [1m[32m[immutable][39m[22m [from: src/assets/images/calculator.png] (auxiliary name: main)
2025-11-14T05:14:46.8992877Z asset [1m[33mbundle.js[39m[22m [1m[33m1.06 MiB[39m[22m [1m[32m[emitted][39m[22m [1m[32m[minimized][39m[22m [1m[33m[big][39m[22m (name: main) 2 related assets
2025-11-14T05:14:46.8993706Z asset [1m[32mindex.html[39m[22m 337 bytes [1m[32m[emitted][39m[22m
2025-11-14T05:14:46.8994776Z asset [1m[32mstaticwebapp.config.json[39m[22m 326 bytes [1m[32m[emitted][39m[22m [from: public/staticwebapp.config.json] [1m[32m[copied][39m[22m
2025-11-14T05:14:46.8995679Z orphan modules 4.32 MiB [1m[33m[orphan][39m[22m 1161 modules
2025-11-14T05:14:46.8996152Z runtime modules 2.72 KiB 9 modules
2025-11-14T05:14:46.8996593Z cacheable modules 537 KiB (asset) 3.86 MiB (javascript)
2025-11-14T05:14:46.8997331Z   modules by path [1m./node_modules/@fontsource/roboto/[39m[22m 520 KiB (asset) 39.8 KiB (javascript) 60 modules
2025-11-14T05:14:46.8998418Z   modules by path [1m./node_modules/style-loader/dist/runtime/*.js[39m[22m 5.84 KiB 6 modules
2025-11-14T05:14:46.8999114Z   modules by path [1m./node_modules/dayjs/[39m[22m 13.9 KiB 6 modules
2025-11-14T05:14:46.8999726Z   modules by path [1m./src/[39m[22m 3.26 MiB (javascript) 17.4 KiB (asset) 4 modules
2025-11-14T05:14:46.9000313Z   modules by path [1m./node_modules/react/[39m[22m 17.8 KiB 4 modules
2025-11-14T05:14:46.9000893Z   modules by path [1m./node_modules/react-dom/[39m[22m 506 KiB 4 modules
2025-11-14T05:14:46.9001704Z   modules by path [1m./node_modules/css-loader/dist/runtime/*.js[39m[22m 3.33 KiB 3 modules
2025-11-14T05:14:46.9002364Z   modules by path [1m./node_modules/prop-types/[39m[22m 2.6 KiB 3 modules
2025-11-14T05:14:46.9003031Z   modules by path [1m./node_modules/hoist-non-react-statics/[39m[22m 5.36 KiB 3 modules
2025-11-14T05:14:46.9003677Z   modules by path [1m./node_modules/scheduler/[39m[22m 10.3 KiB 2 modules
2025-11-14T05:14:46.9004571Z   [1m./node_modules/react-router/node_modules/cookie/dist/index.js[39m[22m 8.14 KiB [1m[33m[built][39m[22m [1m[33m[code generated][39m[22m
2025-11-14T05:14:46.9005800Z   [1m./node_modules/@fortawesome/free-solid-svg-icons/faPlus.js[39m[22m 835 bytes [1m[33m[built][39m[22m [1m[33m[code generated][39m[22m
2025-11-14T05:14:46.9006312Z 
2025-11-14T05:14:46.9006869Z [1m[33mWARNING[39m[22m in [1masset size limit: The following asset(s) exceed the recommended size limit (244 KiB).
2025-11-14T05:14:46.9007474Z This can impact web performance.
2025-11-14T05:14:46.9007829Z Assets: 
2025-11-14T05:14:46.9008172Z   bundle.js (1.06 MiB)[39m[22m
2025-11-14T05:14:46.9008365Z 
2025-11-14T05:14:46.9009173Z [1m[33mWARNING[39m[22m in [1mentrypoint size limit: The following entrypoint(s) combined asset size exceeds the recommended limit (244 KiB). This can impact web performance.
2025-11-14T05:14:46.9009938Z Entrypoints:
2025-11-14T05:14:46.9010239Z   main (1.06 MiB)
2025-11-14T05:14:46.9010543Z       bundle.js
2025-11-14T05:14:46.9010856Z [39m[22m
2025-11-14T05:14:46.9011131Z 
2025-11-14T05:14:46.9011483Z [1m[33mWARNING[39m[22m in [1mwebpack performance recommendations: 
2025-11-14T05:14:46.9012249Z You can limit the size of your bundles by using import() or require.ensure to lazy load some parts of your application.
2025-11-14T05:14:46.9013047Z For more info visit https://webpack.js.org/guides/code-splitting/[39m[22m
2025-11-14T05:14:46.9013365Z 
2025-11-14T05:14:46.9013698Z webpack 5.97.1 compiled with [1m[33m3 warnings[39m[22m in 17195 ms
2025-11-14T05:14:46.9788622Z ##[group]Run Azure/static-web-apps-deploy@v1
2025-11-14T05:14:46.9788940Z with:
2025-11-14T05:14:46.9789674Z   azure_static_web_apps_api_token: ***
2025-11-14T05:14:46.9789956Z   action: upload
2025-11-14T05:14:46.9790165Z   app_location: /
2025-11-14T05:14:46.9790386Z   output_location: dist
2025-11-14T05:14:46.9826317Z   github_id_token: ***
2025-11-14T05:14:46.9826573Z ##[endgroup]
2025-11-14T05:14:46.9963793Z ##[command]/usr/bin/docker run --name fd71c2aa81949cefc4cc18e79c5e7dddb5dde_8df1a6 --label 9fd71c --workdir /github/workspace --rm -e "INPUT_AZURE_STATIC_WEB_APPS_API_TOKEN" -e "INPUT_ACTION" -e "INPUT_APP_LOCATION" -e "INPUT_API_LOCATION" -e "INPUT_OUTPUT_LOCATION" -e "INPUT_GITHUB_ID_TOKEN" -e "INPUT_API_BUILD_COMMAND" -e "INPUT_APP_ARTIFACT_LOCATION" -e "INPUT_APP_BUILD_COMMAND" -e "INPUT_REPO_TOKEN" -e "INPUT_ROUTES_LOCATION" -e "INPUT_SKIP_APP_BUILD" -e "INPUT_CONFIG_FILE_LOCATION" -e "INPUT_SKIP_API_BUILD" -e "INPUT_PRODUCTION_BRANCH" -e "INPUT_DEPLOYMENT_ENVIRONMENT" -e "INPUT_IS_STATIC_EXPORT" -e "INPUT_DATA_API_LOCATION" -e "HOME" -e "GITHUB_JOB" -e "GITHUB_REF" -e "GITHUB_SHA" -e "GITHUB_REPOSITORY" -e "GITHUB_REPOSITORY_OWNER" -e "GITHUB_REPOSITORY_OWNER_ID" -e "GITHUB_RUN_ID" -e "GITHUB_RUN_NUMBER" -e "GITHUB_RETENTION_DAYS" -e "GITHUB_RUN_ATTEMPT" -e "GITHUB_ACTOR_ID" -e "GITHUB_ACTOR" -e "GITHUB_WORKFLOW" -e "GITHUB_HEAD_REF" -e "GITHUB_BASE_REF" -e "GITHUB_EVENT_NAME" -e "GITHUB_SERVER_URL" -e "GITHUB_API_URL" -e "GITHUB_GRAPHQL_URL" -e "GITHUB_REF_NAME" -e "GITHUB_REF_PROTECTED" -e "GITHUB_REF_TYPE" -e "GITHUB_WORKFLOW_REF" -e "GITHUB_WORKFLOW_SHA" -e "GITHUB_REPOSITORY_ID" -e "GITHUB_TRIGGERING_ACTOR" -e "GITHUB_WORKSPACE" -e "GITHUB_ACTION" -e "GITHUB_EVENT_PATH" -e "GITHUB_ACTION_REPOSITORY" -e "GITHUB_ACTION_REF" -e "GITHUB_PATH" -e "GITHUB_ENV" -e "GITHUB_STEP_SUMMARY" -e "GITHUB_STATE" -e "GITHUB_OUTPUT" -e "RUNNER_OS" -e "RUNNER_ARCH" -e "RUNNER_NAME" -e "RUNNER_ENVIRONMENT" -e "RUNNER_TOOL_CACHE" -e "RUNNER_TEMP" -e "RUNNER_WORKSPACE" -e "ACTIONS_RUNTIME_URL" -e "ACTIONS_RUNTIME_TOKEN" -e "ACTIONS_CACHE_URL" -e "ACTIONS_ID_TOKEN_REQUEST_URL" -e "ACTIONS_ID_TOKEN_REQUEST_TOKEN" -e "ACTIONS_RESULTS_URL" -e GITHUB_ACTIONS=true -e CI=true -v "/var/run/docker.sock":"/var/run/docker.sock" -v "/home/runner/work/_temp/_github_home":"/github/home" -v "/home/runner/work/_temp/_github_workflow":"/github/workflow" -v "/home/runner/work/_temp/_runner_file_commands":"/github/file_commands" -v "/home/runner/work/budget-manager-v4/budget-manager-v4":"/github/workspace" 9fd71c:2aa81949cefc4cc18e79c5e7dddb5dde
2025-11-14T05:14:48.1133681Z DeploymentId: 690a193f-10a8-4dc0-9a97-319184a8c6a0
2025-11-14T05:14:48.1134574Z 
2025-11-14T05:14:48.2352092Z [37mTry to validate location at: '/github/workspace'.[0m
2025-11-14T05:14:48.2359459Z [37mApp Directory Location: '/' was found.[0m
2025-11-14T05:14:48.2360343Z [37mTry to validate location at: '/github/workspace/swa-db-connections'.[0m
2025-11-14T05:14:48.2362420Z [37mLooking for event info[0m
2025-11-14T05:16:14.6134175Z [31mThe content server has rejected the request with: InternalServerError[0m
2025-11-14T05:16:14.6137213Z [31mReason: An unexpected error has occurred. Please ensure your deployment token is properly set and try again later. Visit https://docs.microsoft.com/azure/static-web-apps/deployment-token-management for more information on managing your deployment token[0m
2025-11-14T05:16:14.6280923Z [37m[0m
2025-11-14T05:16:14.6282328Z [33mFor further information, please visit the Azure Static Web Apps documentation at https://docs.microsoft.com/en-us/azure/static-web-apps/[0m
2025-11-14T05:16:14.6286051Z [33mIf you believe this behavior is unexpected, please raise a GitHub issue at https://github.com/azure/static-web-apps/issues/[0m
2025-11-14T05:16:14.6287149Z [33mExiting[0m
2025-11-14T05:16:14.7277075Z Post job cleanup.
2025-11-14T05:16:14.7997689Z [command]/usr/bin/git version
2025-11-14T05:16:14.8031989Z git version 2.51.2
2025-11-14T05:16:14.8074491Z Temporarily overriding HOME='/home/runner/work/_temp/798f3e52-c111-42be-a190-01863ea4415a' before making global git config changes
2025-11-14T05:16:14.8075399Z Adding repository directory to the temporary git global config as a safe directory
2025-11-14T05:16:14.8078107Z [command]/usr/bin/git config --global --add safe.directory /home/runner/work/budget-manager-v4/budget-manager-v4
2025-11-14T05:16:14.8108264Z [command]/usr/bin/git config --local --name-only --get-regexp core\.sshCommand
2025-11-14T05:16:14.8136585Z [command]/usr/bin/git submodule foreach --recursive sh -c "git config --local --name-only --get-regexp 'core\.sshCommand' && git config --local --unset-all 'core.sshCommand' || :"
2025-11-14T05:16:14.8360302Z [command]/usr/bin/git config --local --name-only --get-regexp http\.https\:\/\/github\.com\/\.extraheader
2025-11-14T05:16:14.8380824Z http.https://github.com/.extraheader
2025-11-14T05:16:14.8392695Z [command]/usr/bin/git config --local --unset-all http.https://github.com/.extraheader
2025-11-14T05:16:14.8423097Z [command]/usr/bin/git submodule foreach --recursive sh -c "git config --local --name-only --get-regexp 'http\.https\:\/\/github\.com\/\.extraheader' && git config --local --unset-all 'http.https://github.com/.extraheader' || :"
2025-11-14T05:16:14.8764482Z Cleaning up orphan processes
